MPLINK 5.06, LINKER
Linker Map File - Created Fri Mar 27 01:39:01 2015

                                 Section Info
                  Section       Type    Address   Location Size(Bytes)
                ---------  ---------  ---------  ---------  ---------
                   .org_0       code   0x000000    program   0x00006a
                   .cinit    romdata   0x000035    program   0x000004



                              Program Memory Usage 
                               Start         End      
                           ---------   ---------      
                            0x000000    0x000036      
            55 out of 2182 program addresses used, program memory utilization is 2%



                              Symbols - Sorted by Name
                     Name    Address   Location    Storage File                     
                ---------  ---------  ---------  --------- ---------                
                     MAIN   0x000006    program     static C:\Users\Ricardo\MPLABXProjects\ATPS.X\main.asm
             _.org_0_0012   0x000012    program     static C:\Users\Ricardo\MPLABXProjects\ATPS.X\main.asm
             _.org_0_0027   0x000027    program     static C:\Users\Ricardo\MPLABXProjects\ATPS.X\main.asm
             _.org_0_0033   0x000033    program     static C:\Users\Ricardo\MPLABXProjects\ATPS.X\main.asm
                 t0_reset   0x000018    program     static C:\Users\Ricardo\MPLABXProjects\ATPS.X\main.asm
                t0_set250   0x000014    program     static C:\Users\Ricardo\MPLABXProjects\ATPS.X\main.asm
                  t0_wait   0x00000f    program     static C:\Users\Ricardo\MPLABXProjects\ATPS.X\main.asm
               wait_150ms   0x00001b    program     static C:\Users\Ricardo\MPLABXProjects\ATPS.X\main.asm
               wait_250us   0x00002d    program     static C:\Users\Ricardo\MPLABXProjects\ATPS.X\main.asm
               wait_500ms   0x00001f    program     static C:\Users\Ricardo\MPLABXProjects\ATPS.X\main.asm
                wait_50ms   0x000029    program     static C:\Users\Ricardo\MPLABXProjects\ATPS.X\main.asm
          wait_50ms_while   0x000023    program     static C:\Users\Ricardo\MPLABXProjects\ATPS.X\main.asm



                              Symbols - Sorted by Address
                     Name    Address   Location    Storage File                     
                ---------  ---------  ---------  --------- ---------                
                     MAIN   0x000006    program     static C:\Users\Ricardo\MPLABXProjects\ATPS.X\main.asm
                  t0_wait   0x00000f    program     static C:\Users\Ricardo\MPLABXProjects\ATPS.X\main.asm
             _.org_0_0012   0x000012    program     static C:\Users\Ricardo\MPLABXProjects\ATPS.X\main.asm
                t0_set250   0x000014    program     static C:\Users\Ricardo\MPLABXProjects\ATPS.X\main.asm
                 t0_reset   0x000018    program     static C:\Users\Ricardo\MPLABXProjects\ATPS.X\main.asm
               wait_150ms   0x00001b    program     static C:\Users\Ricardo\MPLABXProjects\ATPS.X\main.asm
               wait_500ms   0x00001f    program     static C:\Users\Ricardo\MPLABXProjects\ATPS.X\main.asm
          wait_50ms_while   0x000023    program     static C:\Users\Ricardo\MPLABXProjects\ATPS.X\main.asm
             _.org_0_0027   0x000027    program     static C:\Users\Ricardo\MPLABXProjects\ATPS.X\main.asm
                wait_50ms   0x000029    program     static C:\Users\Ricardo\MPLABXProjects\ATPS.X\main.asm
               wait_250us   0x00002d    program     static C:\Users\Ricardo\MPLABXProjects\ATPS.X\main.asm
             _.org_0_0033   0x000033    program     static C:\Users\Ricardo\MPLABXProjects\ATPS.X\main.asm


