MPLINK 5.06, LINKER
Linker Map File - Created Fri Mar 27 01:37:19 2015

                                 Section Info
                  Section       Type    Address   Location Size(Bytes)
                ---------  ---------  ---------  ---------  ---------
                   .org_0       code   0x000000    program   0x000066
                   .cinit    romdata   0x000033    program   0x000004



                              Program Memory Usage 
                               Start         End      
                           ---------   ---------      
                            0x000000    0x000034      
            53 out of 2182 program addresses used, program memory utilization is 2%



                              Symbols - Sorted by Name
                     Name    Address   Location    Storage File                     
                ---------  ---------  ---------  --------- ---------                
                     MAIN   0x000006    program     static C:\Users\Ricardo\MPLABXProjects\ATPS.X\main.asm
             _.org_0_0010   0x000010    program     static C:\Users\Ricardo\MPLABXProjects\ATPS.X\main.asm
             _.org_0_0025   0x000025    program     static C:\Users\Ricardo\MPLABXProjects\ATPS.X\main.asm
             _.org_0_0031   0x000031    program     static C:\Users\Ricardo\MPLABXProjects\ATPS.X\main.asm
                 t0_reset   0x000016    program     static C:\Users\Ricardo\MPLABXProjects\ATPS.X\main.asm
                t0_set250   0x000012    program     static C:\Users\Ricardo\MPLABXProjects\ATPS.X\main.asm
                  t0_wait   0x00000f    program     static C:\Users\Ricardo\MPLABXProjects\ATPS.X\main.asm
               wait_150ms   0x000019    program     static C:\Users\Ricardo\MPLABXProjects\ATPS.X\main.asm
               wait_250us   0x00002b    program     static C:\Users\Ricardo\MPLABXProjects\ATPS.X\main.asm
               wait_500ms   0x00001d    program     static C:\Users\Ricardo\MPLABXProjects\ATPS.X\main.asm
                wait_50ms   0x000027    program     static C:\Users\Ricardo\MPLABXProjects\ATPS.X\main.asm
          wait_50ms_while   0x000021    program     static C:\Users\Ricardo\MPLABXProjects\ATPS.X\main.asm



                              Symbols - Sorted by Address
                     Name    Address   Location    Storage File                     
                ---------  ---------  ---------  --------- ---------                
                     MAIN   0x000006    program     static C:\Users\Ricardo\MPLABXProjects\ATPS.X\main.asm
                  t0_wait   0x00000f    program     static C:\Users\Ricardo\MPLABXProjects\ATPS.X\main.asm
             _.org_0_0010   0x000010    program     static C:\Users\Ricardo\MPLABXProjects\ATPS.X\main.asm
                t0_set250   0x000012    program     static C:\Users\Ricardo\MPLABXProjects\ATPS.X\main.asm
                 t0_reset   0x000016    program     static C:\Users\Ricardo\MPLABXProjects\ATPS.X\main.asm
               wait_150ms   0x000019    program     static C:\Users\Ricardo\MPLABXProjects\ATPS.X\main.asm
               wait_500ms   0x00001d    program     static C:\Users\Ricardo\MPLABXProjects\ATPS.X\main.asm
          wait_50ms_while   0x000021    program     static C:\Users\Ricardo\MPLABXProjects\ATPS.X\main.asm
             _.org_0_0025   0x000025    program     static C:\Users\Ricardo\MPLABXProjects\ATPS.X\main.asm
                wait_50ms   0x000027    program     static C:\Users\Ricardo\MPLABXProjects\ATPS.X\main.asm
               wait_250us   0x00002b    program     static C:\Users\Ricardo\MPLABXProjects\ATPS.X\main.asm
             _.org_0_0031   0x000031    program     static C:\Users\Ricardo\MPLABXProjects\ATPS.X\main.asm


